npm warn Unknown env config "http-proxy". This will stop working in the next major version of npm.
▲ Next.js 16.3.5 (webpack)
✓ Running next.config.ts took 94ms

  Creating an optimized production build ...
✓ Compiled successfully in 24.0s
  Running TypeScript ...
  Finished TypeScript in 20.6s ...
  Collecting page data using 6 workers ...
  Generating static pages using 6 workers (0/5) ...
  Generating static pages using 6 workers (1/5) 
  Generating static pages using 6 workers (2/5) 
  Generating static pages using 6 workers (3/5) 
✓ Generating static pages using 6 workers (5/5) in 1572ms
  Finalizing page optimization ...
  Collecting build traces ...

Route (app)
┌ ƒ /
├ ƒ /_not-found
├ ƒ /pit-lab
└ ƒ /rig-lab


ƒ  (Dynamic)  server-rendered on demand

